30-Sep-2026 09:08:21.224 INFO [main] org.apache.catalina.startup.VersionLoggerListener.log Server version name:   Apache Tomcat/10.1.60
30-Sep-2026 09:08:21.232 INFO [main] org.apache.catalina.startup.VersionLoggerListener.log Server built:          Sep 9 2026 22:35:59 UTC
30-Sep-2026 09:08:21.232 INFO [main] org.apache.catalina.startup.VersionLoggerListener.log Server version number: 10.1.60.0
30-Sep-2026 09:08:21.232 INFO [main] org.apache.catalina.startup.VersionLoggerListener.log OS Name:               Linux
30-Sep-2026 09:08:21.232 INFO [main] org.apache.catalina.startup.VersionLoggerListener.log OS Version:            6.6.87.2-microsoft-standard-WSL2
30-Sep-2026 09:08:21.232 INFO [main] org.apache.catalina.startup.VersionLoggerListener.log Architecture:          amd64
30-Sep-2026 09:08:21.232 INFO [main] org.apache.catalina.startup.VersionLoggerListener.log Java Home:             /opt/java/openjdk
30-Sep-2026 09:08:21.233 INFO [main] org.apache.catalina.startup.VersionLoggerListener.log JVM Version:           17.0.20.1+1
30-Sep-2026 09:08:21.233 INFO [main] org.apache.catalina.startup.VersionLoggerListener.log JVM Vendor:            Eclipse Adoptium
30-Sep-2026 09:08:21.238 INFO [main] org.apache.catalina.startup.VersionLoggerListener.log CATALINA_BASE:         /usr/local/tomcat
30-Sep-2026 09:08:21.238 INFO [main] org.apache.catalina.startup.VersionLoggerListener.log CATALINA_HOME:         /usr/local/tomcat
30-Sep-2026 09:08:21.247 INFO [main] org.apache.catalina.startup.VersionLoggerListener.log Command line argument: -Djava.util.logging.config.file=/usr/local/tomcat/conf/logging.properties
30-Sep-2026 09:08:21.248 INFO [main] org.apache.catalina.startup.VersionLoggerListener.log Command line argument: -Djava.util.logging.manager=org.apache.juli.ClassLoaderLogManager
30-Sep-2026 09:08:21.248 INFO [main] org.apache.catalina.startup.VersionLoggerListener.log Command line argument: -Djdk.tls.ephemeralDHKeySize=2048
30-Sep-2026 09:08:21.248 INFO [main] org.apache.catalina.startup.VersionLoggerListener.log Command line argument: -Djava.protocol.handler.pkgs=org.apache.catalina.webresources
30-Sep-2026 09:08:21.248 INFO [main] org.apache.catalina.startup.VersionLoggerListener.log Command line argument: -Dsun.io.useCanonCaches=false
30-Sep-2026 09:08:21.248 INFO [main] org.apache.catalina.startup.VersionLoggerListener.log Command line argument: -Dorg.apache.catalina.security.SecurityListener.UMASK=0027
30-Sep-2026 09:08:21.248 INFO [main] org.apache.catalina.startup.VersionLoggerListener.log Command line argument: --add-opens=java.base/java.lang=ALL-UNNAMED
30-Sep-2026 09:08:21.249 INFO [main] org.apache.catalina.startup.VersionLoggerListener.log Command line argument: --add-opens=java.base/java.lang.reflect=ALL-UNNAMED
30-Sep-2026 09:08:21.249 INFO [main] org.apache.catalina.startup.VersionLoggerListener.log Command line argument: --add-opens=java.base/java.io=ALL-UNNAMED
30-Sep-2026 09:08:21.249 INFO [main] org.apache.catalina.startup.VersionLoggerListener.log Command line argument: --add-opens=java.base/java.util=ALL-UNNAMED
30-Sep-2026 09:08:21.249 INFO [main] org.apache.catalina.startup.VersionLoggerListener.log Command line argument: --add-opens=java.base/java.util.concurrent=ALL-UNNAMED
30-Sep-2026 09:08:21.249 INFO [main] org.apache.catalina.startup.VersionLoggerListener.log Command line argument: --add-opens=java.rmi/sun.rmi.transport=ALL-UNNAMED
30-Sep-2026 09:08:21.249 INFO [main] org.apache.catalina.startup.VersionLoggerListener.log Command line argument: -Dcatalina.base=/usr/local/tomcat
30-Sep-2026 09:08:21.249 INFO [main] org.apache.catalina.startup.VersionLoggerListener.log Command line argument: -Dcatalina.home=/usr/local/tomcat
30-Sep-2026 09:08:21.250 INFO [main] org.apache.catalina.startup.VersionLoggerListener.log Command line argument: -Djava.io.tmpdir=/usr/local/tomcat/temp
30-Sep-2026 09:08:21.255 INFO [main] org.apache.catalina.core.AprLifecycleListener.lifecycleEvent Loaded Apache Tomcat Native library [2.0.16] using APR version [1.7.2].
30-Sep-2026 09:08:21.263 INFO [main] org.apache.catalina.core.AprLifecycleListener.initializeSSL OpenSSL successfully initialized [OpenSSL 3.0.13 30 Jan 2024]

30-Sep-2026 09:08:21.564 INFO [main] org.apache.coyote.AbstractProtocol.init Initializing ProtocolHandler ["http-nio-8080"]
30-Sep-2026 09:08:21.613 INFO [main] org.apache.catalina.startup.Catalina.load Server initialization in [625] milliseconds
30-Sep-2026 09:08:21.695 INFO [main] org.apache.catalina.core.StandardService.startInternal Starting service [Catalina]
30-Sep-2026 09:08:21.696 INFO [main] org.apache.catalina.core.StandardEngine.startInternal Starting Servlet engine: [Apache Tomcat/10.1.60]
30-Sep-2026 09:08:21.735 INFO [main] org.apache.catalina.startup.HostConfig.deployWAR Deploying web application archive [/usr/local/tomcat/webapps/alumni-mentorship.war]
  .   ____          _            __ _ _
 /\\ / ___'_ __ _ _(_)_ __  __ _ \ \ \ \
( ( )\___ | '_ | '_| | '_ \/ _` | \ \ \ \
 \\/  ___)| |_)| | | | | || (_| |  ) ) ) )
  '  |____| .__|_| |_|_| |_\__, | / / / /
 =========|_|==============|___/=/_/_/_/

 :: Spring Boot ::                (v3.4.3)

2026-09-30T09:08:24.680Z  INFO 1 --- [alumni-mentorship-platform] [           main] c.a.m.AlumniMentorshipApplication        : Starting AlumniMentorshipApplication v1.0.0-SNAPSHOT using Java 17.0.20.1 with PID 1 (/usr/local/tomcat/webapps/alumni-mentorship/WEB-INF/classes started by root in /usr/local/tomcat)
2026-09-30T09:08:24.684Z  INFO 1 --- [alumni-mentorship-platform] [           main] c.a.m.AlumniMentorshipApplication        : No active profile set, falling back to 1 default profile: "default"
2026-09-30T09:08:26.185Z  INFO 1 --- [alumni-mentorship-platform] [           main] .s.d.r.c.RepositoryConfigurationDelegate : Bootstrapping Spring Data JPA repositories in DEFAULT mode.
30-Sep-2026 09:08:23.894 INFO [main] org.apache.jasper.servlet.TldScanner.scanJars At least one JAR was scanned for TLDs yet contained no TLDs. Enable debug logging for this logger for a complete list of JARs that were scanned but no TLDs were found in them. Skipping unneeded JARs during scanning can improve startup time and JSP compilation time.
2026-09-30T09:08:26.269Z  INFO 1 --- [alumni-mentorship-platform] [           main] .s.d.r.c.RepositoryConfigurationDelegate : Finished Spring Data repository scanning in 71 ms. Found 3 JPA repository interfaces.
2026-09-30T09:08:27.042Z  INFO 1 --- [alumni-mentorship-platform] [           main] w.s.c.ServletWebServerApplicationContext : Root WebApplicationContext: initialization completed in 2319 ms
30-Sep-2026 09:08:32.624 INFO [main] org.apache.catalina.startup.HostConfig.deployWAR Deployment of web application archive [/usr/local/tomcat/webapps/alumni-mentorship.war] has finished in [10,888] ms
30-Sep-2026 09:08:32.639 INFO [main] org.apache.coyote.AbstractProtocol.start Starting ProtocolHandler ["http-nio-8080"]
30-Sep-2026 09:08:32.669 INFO [main] org.apache.catalina.startup.Catalina.start Server startup in [11058] milliseconds
2026-09-30T09:08:27.917Z  INFO 1 --- [alumni-mentorship-platform] [           main] o.hibernate.jpa.internal.util.LogHelper  : HHH000204: Processing PersistenceUnitInfo [name: default]
2026-09-30T09:08:28.013Z  INFO 1 --- [alumni-mentorship-platform] [           main] org.hibernate.Version                    : HHH000412: Hibernate ORM core version 6.6.8.Final
2026-09-30T09:08:28.087Z  INFO 1 --- [alumni-mentorship-platform] [           main] o.h.c.internal.RegionFactoryInitiator    : HHH000026: Second-level cache disabled
2026-09-30T09:08:28.537Z  INFO 1 --- [alumni-mentorship-platform] [           main] o.s.o.j.p.SpringPersistenceUnitInfo      : No LoadTimeWeaver setup: ignoring JPA class transformer
2026-09-30T09:08:28.605Z  INFO 1 --- [alumni-mentorship-platform] [           main] com.zaxxer.hikari.HikariDataSource       : HikariPool-1 - Starting...
2026-09-30T09:08:28.807Z  INFO 1 --- [alumni-mentorship-platform] [           main] com.zaxxer.hikari.pool.HikariPool        : HikariPool-1 - Added connection conn0: url=jdbc:h2:mem:mentorship user=SA
2026-09-30T09:08:28.809Z  INFO 1 --- [alumni-mentorship-platform] [           main] com.zaxxer.hikari.HikariDataSource       : HikariPool-1 - Start completed.
2026-09-30T09:08:28.887Z  INFO 1 --- [alumni-mentorship-platform] [           main] org.hibernate.orm.connections.pooling    : HHH10001005: Database info:
	Database JDBC URL [Connecting through datasource 'HikariDataSource (HikariPool-1)']
	Database driver: undefined/unknown
	Database version: 2.3.232
	Autocommit mode: undefined/unknown
	Isolation level: undefined/unknown
	Minimum pool size: undefined/unknown
	Maximum pool size: undefined/unknown
2026-09-30T09:08:29.922Z  INFO 1 --- [alumni-mentorship-platform] [           main] o.h.e.t.j.p.i.JtaPlatformInitiator       : HHH000489: No JTA platform available (set 'hibernate.transaction.jta.platform' to enable JTA platform integration)
2026-09-30T09:08:30.036Z  INFO 1 --- [alumni-mentorship-platform] [           main] j.LocalContainerEntityManagerFactoryBean : Initialized JPA EntityManagerFactory for persistence unit 'default'
2026-09-30T09:08:30.938Z  WARN 1 --- [alumni-mentorship-platform] [           main] JpaBaseConfiguration$JpaWebConfiguration : spring.jpa.open-in-view is enabled by default. Therefore, database queries may be performed during view rendering. Explicitly configure spring.jpa.open-in-view to disable this warning
2026-09-30T09:08:32.278Z  INFO 1 --- [alumni-mentorship-platform] [           main] o.s.b.a.h2.H2ConsoleAutoConfiguration    : H2 console available at '/h2-console'. Database available at 'jdbc:h2:mem:mentorship'
2026-09-30T09:08:32.379Z  INFO 1 --- [alumni-mentorship-platform] [           main] o.s.b.a.e.web.EndpointLinksResolver      : Exposing 2 endpoints beneath base path '/actuator'
2026-09-30T09:08:32.552Z  INFO 1 --- [alumni-mentorship-platform] [           main] c.a.m.AlumniMentorshipApplication        : Started AlumniMentorshipApplication in 8.411 seconds (process running for 11.795)
2026-09-30T09:08:32.784Z  INFO 1 --- [alumni-mentorship-platform] [nio-8080-exec-1] o.s.web.servlet.DispatcherServlet        : Initializing Servlet 'dispatcherServlet'
2026-09-30T09:08:32.787Z  INFO 1 --- [alumni-mentorship-platform] [nio-8080-exec-1] o.s.web.servlet.DispatcherServlet        : Completed initialization in 2 ms
