#0 building with "desktop-linux" instance using docker driver

#1 [internal] load build definition from Dockerfile
#1 transferring dockerfile: 708B 0.0s done
#1 DONE 0.0s

#2 [internal] load metadata for docker.io/library/maven:3.9.9-eclipse-temurin-17
#2 DONE 0.0s

#3 [internal] load metadata for docker.io/library/tomcat:10.1-jdk17-temurin
#3 DONE 1.2s

#4 [build 1/6] FROM docker.io/library/maven:3.9.9-eclipse-temurin-17@sha256:f58d59b6273e785ac0a4477f6e9b5ba1d7731c75b906c0f7b34076f1851318cc
#4 resolve docker.io/library/maven:3.9.9-eclipse-temurin-17@sha256:f58d59b6273e785ac0a4477f6e9b5ba1d7731c75b906c0f7b34076f1851318cc 0.0s done
#4 DONE 0.5s

#5 [build 2/6] WORKDIR /workspace/app
#5 DONE 0.0s

#6 [stage-1 1/3] FROM docker.io/library/tomcat:10.1-jdk17-temurin@sha256:6e57dc6a16f51955513860d92257a2d2ee29602671ddbe5c70690a11f899c178
#6 resolve docker.io/library/tomcat:10.1-jdk17-temurin@sha256:6e57dc6a16f51955513860d92257a2d2ee29602671ddbe5c70690a11f899c178 0.0s done
#6 sha256:dd878818779cb0d17bcd331685c9467975e48c3e4a6860700b58d361ab9c24cd 137B / 137B 1.0s done
#6 sha256:528b48a07f784fe320d419ad522c6ea0b720de09023f17b205ceb39b82259996 2.46kB / 2.46kB 1.2s done
#6 sha256:dd1380fd83f09a4e55ae12e3e7ad45b77ab8bd2670e34e271f271a3533200b34 158B / 158B 2.0s done
#6 sha256:dfd5731634b40702210cd571130e2ca497425d9041444287ba72e93836e3f7be 17.02MB / 17.02MB 5.7s done
#6 sha256:6ed9971a62fa977a56b299303af6d9bd1a25e1c68c7eec80c15b38deb612c755 22.95MB / 22.95MB 14.4s done
#6 sha256:edd1ed89f0d443580bd42e5a10cd8736aba5a3438b2a0645c2ebb50119bb0eba 29.76MB / 29.76MB 20.6s done
#6 extracting sha256:edd1ed89f0d443580bd42e5a10cd8736aba5a3438b2a0645c2ebb50119bb0eba 1.0s done
#6 extracting sha256:6ed9971a62fa977a56b299303af6d9bd1a25e1c68c7eec80c15b38deb612c755 0.7s done
#6 sha256:0187a0cde513bac1578240fe660c2923c2c5eab87249c03ac120b45580519ee9 145.83MB / 145.83MB 51.0s done
#6 extracting sha256:0187a0cde513bac1578240fe660c2923c2c5eab87249c03ac120b45580519ee9 1.6s done
#6 extracting sha256:dd1380fd83f09a4e55ae12e3e7ad45b77ab8bd2670e34e271f271a3533200b34 0.0s done
#6 extracting sha256:528b48a07f784fe320d419ad522c6ea0b720de09023f17b205ceb39b82259996 0.0s done
#6 extracting sha256:dd878818779cb0d17bcd331685c9467975e48c3e4a6860700b58d361ab9c24cd 0.0s done
#6 extracting sha256:dfd5731634b40702210cd571130e2ca497425d9041444287ba72e93836e3f7be 0.5s done
#6 extracting sha256:4f4fb700ef54461cfa02571ae0db9a0dc1e0cdb5577484a6d75e68dc38e8acc1 0.0s done
#6 DONE 54.7s

#7 [stage-1 2/3] RUN rm -rf /usr/local/tomcat/webapps/*
#7 DONE 0.7s

#8 [internal] load .dockerignore
#8 transferring context: 2B done
#8 DONE 0.0s

#9 [internal] load build context
#9 transferring context: 32.86kB 0.0s done
#9 DONE 0.1s

#10 [build 3/6] COPY app/pom.xml ./pom.xml
#10 DONE 0.0s

#11 [build 4/6] RUN mvn -B -q dependency:go-offline
#11 DONE 136.8s

#12 [build 5/6] COPY app/src ./src
#12 DONE 0.5s

#13 [build 6/6] RUN mvn -B -DskipTests package
#13 1.686 [INFO] Scanning for projects...
#13 2.061 [INFO] 
#13 2.061 [INFO] --------------< com.adrian.mentorship:alumni-mentorship >---------------
#13 2.061 [INFO] Building Automated Alumni Mentorship Platform 1.0.0-SNAPSHOT
#13 2.062 [INFO]   from pom.xml
#13 2.062 [INFO] --------------------------------[ war ]---------------------------------
#13 2.583 [INFO] Downloading from central: https://repo.maven.apache.org/maven2/org/jboss/logging/jboss-logging/3.6.1.Final/jboss-logging-3.6.1.Final.pom
#13 3.113 [INFO] Downloaded from central: https://repo.maven.apache.org/maven2/org/jboss/logging/jboss-logging/3.6.1.Final/jboss-logging-3.6.1.Final.pom (18 kB at 34 kB/s)
#13 3.126 [INFO] Downloading from central: https://repo.maven.apache.org/maven2/org/jboss/logging/logging-parent/1.0.3.Final/logging-parent-1.0.3.Final.pom
#13 3.194 [INFO] Downloaded from central: https://repo.maven.apache.org/maven2/org/jboss/logging/logging-parent/1.0.3.Final/logging-parent-1.0.3.Final.pom (5.7 kB at 84 kB/s)
#13 3.199 [INFO] Downloading from central: https://repo.maven.apache.org/maven2/org/jboss/jboss-parent/42/jboss-parent-42.pom
#13 3.263 [INFO] Downloaded from central: https://repo.maven.apache.org/maven2/org/jboss/jboss-parent/42/jboss-parent-42.pom (76 kB at 1.2 MB/s)
#13 3.276 [INFO] Downloading from central: https://repo.maven.apache.org/maven2/com/fasterxml/classmate/1.7.0/classmate-1.7.0.pom
#13 3.329 [INFO] Downloaded from central: https://repo.maven.apache.org/maven2/com/fasterxml/classmate/1.7.0/classmate-1.7.0.pom (7.0 kB at 130 kB/s)
#13 3.332 [INFO] Downloading from central: https://repo.maven.apache.org/maven2/com/fasterxml/oss-parent/56/oss-parent-56.pom
#13 3.399 [INFO] Downloaded from central: https://repo.maven.apache.org/maven2/com/fasterxml/oss-parent/56/oss-parent-56.pom (24 kB at 352 kB/s)
#13 3.443 [INFO] Downloading from central: https://repo.maven.apache.org/maven2/org/glassfish/jaxb/jaxb-runtime/4.0.5/jaxb-runtime-4.0.5.pom
#13 3.493 [INFO] Downloaded from central: https://repo.maven.apache.org/maven2/org/glassfish/jaxb/jaxb-runtime/4.0.5/jaxb-runtime-4.0.5.pom (11 kB at 217 kB/s)
#13 3.497 [INFO] Downloading from central: https://repo.maven.apache.org/maven2/com/sun/xml/bind/mvn/jaxb-runtime-parent/4.0.5/jaxb-runtime-parent-4.0.5.pom
#13 3.562 [INFO] Downloaded from central: https://repo.maven.apache.org/maven2/com/sun/xml/bind/mvn/jaxb-runtime-parent/4.0.5/jaxb-runtime-parent-4.0.5.pom (1.2 kB at 19 kB/s)
#13 3.567 [INFO] Downloading from central: https://repo.maven.apache.org/maven2/com/sun/xml/bind/mvn/jaxb-parent/4.0.5/jaxb-parent-4.0.5.pom
#13 3.631 [INFO] Downloaded from central: https://repo.maven.apache.org/maven2/com/sun/xml/bind/mvn/jaxb-parent/4.0.5/jaxb-parent-4.0.5.pom (35 kB at 539 kB/s)
#13 3.634 [INFO] Downloading from central: https://repo.maven.apache.org/maven2/com/sun/xml/bind/jaxb-bom-ext/4.0.5/jaxb-bom-ext-4.0.5.pom
#13 3.687 [INFO] Downloaded from central: https://repo.maven.apache.org/maven2/com/sun/xml/bind/jaxb-bom-ext/4.0.5/jaxb-bom-ext-4.0.5.pom (3.5 kB at 66 kB/s)
#13 3.695 [INFO] Downloading from central: https://repo.maven.apache.org/maven2/org/glassfish/jaxb/jaxb-core/4.0.5/jaxb-core-4.0.5.pom
#13 3.752 [INFO] Downloaded from central: https://repo.maven.apache.org/maven2/org/glassfish/jaxb/jaxb-core/4.0.5/jaxb-core-4.0.5.pom (3.7 kB at 66 kB/s)
#13 3.758 [INFO] Downloading from central: https://repo.maven.apache.org/maven2/org/eclipse/angus/angus-activation/2.0.2/angus-activation-2.0.2.pom
#13 3.806 [INFO] Downloaded from central: https://repo.maven.apache.org/maven2/org/eclipse/angus/angus-activation/2.0.2/angus-activation-2.0.2.pom (4.0 kB at 85 kB/s)
#13 3.809 [INFO] Downloading from central: https://repo.maven.apache.org/maven2/org/eclipse/angus/angus-activation-project/2.0.2/angus-activation-project-2.0.2.pom
#13 3.866 [INFO] Downloaded from central: https://repo.maven.apache.org/maven2/org/eclipse/angus/angus-activation-project/2.0.2/angus-activation-project-2.0.2.pom (21 kB at 366 kB/s)
#13 3.870 [INFO] Downloading from central: https://repo.maven.apache.org/maven2/org/glassfish/jaxb/txw2/4.0.5/txw2-4.0.5.pom
#13 3.928 [INFO] Downloaded from central: https://repo.maven.apache.org/maven2/org/glassfish/jaxb/txw2/4.0.5/txw2-4.0.5.pom (1.8 kB at 31 kB/s)
#13 3.930 [INFO] Downloading from central: https://repo.maven.apache.org/maven2/com/sun/xml/bind/mvn/jaxb-txw-parent/4.0.5/jaxb-txw-parent-4.0.5.pom
#13 3.987 [INFO] Downloaded from central: https://repo.maven.apache.org/maven2/com/sun/xml/bind/mvn/jaxb-txw-parent/4.0.5/jaxb-txw-parent-4.0.5.pom (1.2 kB at 21 kB/s)
#13 3.991 [INFO] Downloading from central: https://repo.maven.apache.org/maven2/com/sun/istack/istack-commons-runtime/4.1.2/istack-commons-runtime-4.1.2.pom
#13 4.051 [INFO] Downloaded from central: https://repo.maven.apache.org/maven2/com/sun/istack/istack-commons-runtime/4.1.2/istack-commons-runtime-4.1.2.pom (1.6 kB at 27 kB/s)
#13 4.055 [INFO] Downloading from central: https://repo.maven.apache.org/maven2/com/sun/istack/istack-commons/4.1.2/istack-commons-4.1.2.pom
#13 4.109 [INFO] Downloaded from central: https://repo.maven.apache.org/maven2/com/sun/istack/istack-commons/4.1.2/istack-commons-4.1.2.pom (26 kB at 478 kB/s)
#13 4.184 [INFO] Downloading from central: https://repo.maven.apache.org/maven2/net/bytebuddy/byte-buddy-agent/1.15.11/byte-buddy-agent-1.15.11.pom
#13 4.249 [INFO] Downloaded from central: https://repo.maven.apache.org/maven2/net/bytebuddy/byte-buddy-agent/1.15.11/byte-buddy-agent-1.15.11.pom (12 kB at 177 kB/s)
#13 4.279 [INFO] Downloading from central: https://repo.maven.apache.org/maven2/org/seleniumhq/selenium/selenium-api/4.25.0/selenium-api-4.25.0.pom
#13 4.342 [INFO] Downloaded from central: https://repo.maven.apache.org/maven2/org/seleniumhq/selenium/selenium-api/4.25.0/selenium-api-4.25.0.pom (2.2 kB at 36 kB/s)
#13 4.349 [INFO] Downloading from central: https://repo.maven.apache.org/maven2/org/seleniumhq/selenium/selenium-chrome-driver/4.25.0/selenium-chrome-driver-4.25.0.pom
#13 4.407 [INFO] Downloaded from central: https://repo.maven.apache.org/maven2/org/seleniumhq/selenium/selenium-chrome-driver/4.25.0/selenium-chrome-driver-4.25.0.pom (3.3 kB at 57 kB/s)
#13 4.415 [INFO] Downloading from central: https://repo.maven.apache.org/maven2/org/seleniumhq/selenium/selenium-chromium-driver/4.25.0/selenium-chromium-driver-4.25.0.pom
#13 4.468 [INFO] Downloaded from central: https://repo.maven.apache.org/maven2/org/seleniumhq/selenium/selenium-chromium-driver/4.25.0/selenium-chromium-driver-4.25.0.pom (2.7 kB at 50 kB/s)
#13 4.472 [INFO] Downloading from central: https://repo.maven.apache.org/maven2/org/seleniumhq/selenium/selenium-json/4.25.0/selenium-json-4.25.0.pom
#13 4.528 [INFO] Downloaded from central: https://repo.maven.apache.org/maven2/org/seleniumhq/selenium/selenium-json/4.25.0/selenium-json-4.25.0.pom (2.3 kB at 40 kB/s)
#13 4.532 [INFO] Downloading from central: https://repo.maven.apache.org/maven2/org/seleniumhq/selenium/selenium-remote-driver/4.25.0/selenium-remote-driver-4.25.0.pom
#13 4.596 [INFO] Downloaded from central: https://repo.maven.apache.org/maven2/org/seleniumhq/selenium/selenium-remote-driver/4.25.0/selenium-remote-driver-4.25.0.pom (5.3 kB at 85 kB/s)
#13 4.599 [INFO] Downloading from central: https://repo.maven.apache.org/maven2/com/google/guava/guava/33.3.0-jre/guava-33.3.0-jre.pom
#13 4.646 [INFO] Downloaded from central: https://repo.maven.apache.org/maven2/com/google/guava/guava/33.3.0-jre/guava-33.3.0-jre.pom (9.3 kB at 198 kB/s)
#13 4.650 [INFO] Downloading from central: https://repo.maven.apache.org/maven2/com/google/guava/guava-parent/33.3.0-jre/guava-parent-33.3.0-jre.pom
#13 4.718 [INFO] Downloaded from central: https://repo.maven.apache.org/maven2/com/google/guava/guava-parent/33.3.0-jre/guava-parent-33.3.0-jre.pom (20 kB at 295 kB/s)
#13 4.732 [INFO] Downloading from central: https://repo.maven.apache.org/maven2/com/google/errorprone/error_prone_annotations/2.28.0/error_prone_annotations-2.28.0.pom
#13 4.799 [INFO] Downloaded from central: https://repo.maven.apache.org/maven2/com/google/errorprone/error_prone_annotations/2.28.0/error_prone_annotations-2.28.0.pom (4.3 kB at 63 kB/s)
#13 4.802 [INFO] Downloading from central: https://repo.maven.apache.org/maven2/com/google/errorprone/error_prone_parent/2.28.0/error_prone_parent-2.28.0.pom
#13 4.852 [INFO] Downloaded from central: https://repo.maven.apache.org/maven2/com/google/errorprone/error_prone_parent/2.28.0/error_prone_parent-2.28.0.pom (13 kB at 257 kB/s)
#13 4.864 [INFO] Downloading from central: https://repo.maven.apache.org/maven2/io/opentelemetry/semconv/opentelemetry-semconv/1.25.0-alpha/opentelemetry-semconv-1.25.0-alpha.pom
#13 4.924 [INFO] Downloaded from central: https://repo.maven.apache.org/maven2/io/opentelemetry/semconv/opentelemetry-semconv/1.25.0-alpha/opentelemetry-semconv-1.25.0-alpha.pom (1.7 kB at 28 kB/s)
#13 4.932 [INFO] Downloading from central: https://repo.maven.apache.org/maven2/io/opentelemetry/opentelemetry-api/1.43.0/opentelemetry-api-1.43.0.pom
#13 4.984 [INFO] Downloaded from central: https://repo.maven.apache.org/maven2/io/opentelemetry/opentelemetry-api/1.43.0/opentelemetry-api-1.43.0.pom (1.8 kB at 34 kB/s)
#13 4.989 [INFO] Downloading from central: https://repo.maven.apache.org/maven2/io/opentelemetry/opentelemetry-context/1.43.0/opentelemetry-context-1.43.0.pom
#13 5.101 [INFO] Downloaded from central: https://repo.maven.apache.org/maven2/io/opentelemetry/opentelemetry-context/1.43.0/opentelemetry-context-1.43.0.pom (1.6 kB at 14 kB/s)
#13 5.107 [INFO] Downloading from central: https://repo.maven.apache.org/maven2/io/opentelemetry/opentelemetry-exporter-logging/1.43.0/opentelemetry-exporter-logging-1.43.0.pom
#13 5.191 [INFO] Downloaded from central: https://repo.maven.apache.org/maven2/io/opentelemetry/opentelemetry-exporter-logging/1.43.0/opentelemetry-exporter-logging-1.43.0.pom (2.0 kB at 24 kB/s)
#13 5.197 [INFO] Downloading from central: https://repo.maven.apache.org/maven2/io/opentelemetry/opentelemetry-sdk/1.43.0/opentelemetry-sdk-1.43.0.pom
#13 5.257 [INFO] Downloaded from central: https://repo.maven.apache.org/maven2/io/opentelemetry/opentelemetry-sdk/1.43.0/opentelemetry-sdk-1.43.0.pom (2.5 kB at 42 kB/s)
#13 5.262 [INFO] Downloading from central: https://repo.maven.apache.org/maven2/io/opentelemetry/opentelemetry-sdk-common/1.43.0/opentelemetry-sdk-common-1.43.0.pom
#13 5.335 [INFO] Downloaded from central: https://repo.maven.apache.org/maven2/io/opentelemetry/opentelemetry-sdk-common/1.43.0/opentelemetry-sdk-common-1.43.0.pom (1.8 kB at 25 kB/s)
#13 5.341 [INFO] Downloading from central: https://repo.maven.apache.org/maven2/io/opentelemetry/opentelemetry-sdk-trace/1.43.0/opentelemetry-sdk-trace-1.43.0.pom
#13 5.420 [INFO] Downloaded from central: https://repo.maven.apache.org/maven2/io/opentelemetry/opentelemetry-sdk-trace/1.43.0/opentelemetry-sdk-trace-1.43.0.pom (2.2 kB at 27 kB/s)
#13 5.425 [INFO] Downloading from central: https://repo.maven.apache.org/maven2/io/opentelemetry/opentelemetry-api-incubator/1.43.0-alpha/opentelemetry-api-incubator-1.43.0-alpha.pom
#13 5.504 [INFO] Downloaded from central: https://repo.maven.apache.org/maven2/io/opentelemetry/opentelemetry-api-incubator/1.43.0-alpha/opentelemetry-api-incubator-1.43.0-alpha.pom (1.8 kB at 23 kB/s)
#13 5.511 [INFO] Downloading from central: https://repo.maven.apache.org/maven2/io/opentelemetry/opentelemetry-sdk-metrics/1.43.0/opentelemetry-sdk-metrics-1.43.0.pom
#13 5.583 [INFO] Downloaded from central: https://repo.maven.apache.org/maven2/io/opentelemetry/opentelemetry-sdk-metrics/1.43.0/opentelemetry-sdk-metrics-1.43.0.pom (2.2 kB at 30 kB/s)
#13 5.598 [INFO] Downloading from central: https://repo.maven.apache.org/maven2/io/opentelemetry/opentelemetry-sdk-logs/1.43.0/opentelemetry-sdk-logs-1.43.0.pom
#13 5.654 [INFO] Downloaded from central: https://repo.maven.apache.org/maven2/io/opentelemetry/opentelemetry-sdk-logs/1.43.0/opentelemetry-sdk-logs-1.43.0.pom (2.2 kB at 39 kB/s)
#13 5.658 [INFO] Downloading from central: https://repo.maven.apache.org/maven2/io/opentelemetry/opentelemetry-sdk-extension-autoconfigure-spi/1.43.0/opentelemetry-sdk-extension-autoconfigure-spi-1.43.0.pom
#13 5.732 [INFO] Downloaded from central: https://repo.maven.apache.org/maven2/io/opentelemetry/opentelemetry-sdk-extension-autoconfigure-spi/1.43.0/opentelemetry-sdk-extension-autoconfigure-spi-1.43.0.pom (1.8 kB at 25 kB/s)
#13 5.738 [INFO] Downloading from central: https://repo.maven.apache.org/maven2/io/opentelemetry/opentelemetry-sdk-extension-autoconfigure/1.43.0/opentelemetry-sdk-extension-autoconfigure-1.43.0.pom
#13 5.814 [INFO] Downloaded from central: https://repo.maven.apache.org/maven2/io/opentelemetry/opentelemetry-sdk-extension-autoconfigure/1.43.0/opentelemetry-sdk-extension-autoconfigure-1.43.0.pom (2.2 kB at 29 kB/s)
#13 5.824 [INFO] Downloading from central: https://repo.maven.apache.org/maven2/org/seleniumhq/selenium/selenium-http/4.25.0/selenium-http-4.25.0.pom
#13 5.895 [INFO] Downloaded from central: https://repo.maven.apache.org/maven2/org/seleniumhq/selenium/selenium-http/4.25.0/selenium-http-4.25.0.pom (2.8 kB at 40 kB/s)
#13 5.899 [INFO] Downloading from central: https://repo.maven.apache.org/maven2/dev/failsafe/failsafe/3.3.2/failsafe-3.3.2.pom
#13 5.972 [INFO] Downloaded from central: https://repo.maven.apache.org/maven2/dev/failsafe/failsafe/3.3.2/failsafe-3.3.2.pom (1.0 kB at 14 kB/s)
#13 5.976 [INFO] Downloading from central: https://repo.maven.apache.org/maven2/dev/failsafe/failsafe-parent/3.3.2/failsafe-parent-3.3.2.pom
#13 6.054 [INFO] Downloaded from central: https://repo.maven.apache.org/maven2/dev/failsafe/failsafe-parent/3.3.2/failsafe-parent-3.3.2.pom (9.2 kB at 116 kB/s)
#13 6.060 [INFO] Downloading from central: https://repo.maven.apache.org/maven2/org/seleniumhq/selenium/selenium-manager/4.25.0/selenium-manager-4.25.0.pom
#13 6.131 [INFO] Downloaded from central: https://repo.maven.apache.org/maven2/org/seleniumhq/selenium/selenium-manager/4.25.0/selenium-manager-4.25.0.pom (2.6 kB at 37 kB/s)
#13 6.135 [INFO] Downloading from central: https://repo.maven.apache.org/maven2/org/seleniumhq/selenium/selenium-os/4.25.0/selenium-os-4.25.0.pom
#13 6.219 [INFO] Downloaded from central: https://repo.maven.apache.org/maven2/org/seleniumhq/selenium/selenium-os/4.25.0/selenium-os-4.25.0.pom (2.4 kB at 29 kB/s)
#13 6.237 [INFO] Downloading from central: https://repo.maven.apache.org/maven2/org/seleniumhq/selenium/selenium-devtools-v85/4.25.0/selenium-devtools-v85-4.25.0.pom
#13 6.297 [INFO] Downloaded from central: https://repo.maven.apache.org/maven2/org/seleniumhq/selenium/selenium-devtools-v85/4.25.0/selenium-devtools-v85-4.25.0.pom (2.9 kB at 48 kB/s)
#13 6.301 [INFO] Downloading from central: https://repo.maven.apache.org/maven2/org/seleniumhq/selenium/selenium-edge-driver/4.25.0/selenium-edge-driver-4.25.0.pom
#13 6.382 [INFO] Downloaded from central: https://repo.maven.apache.org/maven2/org/seleniumhq/selenium/selenium-edge-driver/4.25.0/selenium-edge-driver-4.25.0.pom (3.1 kB at 38 kB/s)
#13 6.385 [INFO] Downloading from central: https://repo.maven.apache.org/maven2/org/seleniumhq/selenium/selenium-firefox-driver/4.25.0/selenium-firefox-driver-4.25.0.pom
#13 6.457 [INFO] Downloaded from central: https://repo.maven.apache.org/maven2/org/seleniumhq/selenium/selenium-firefox-driver/4.25.0/selenium-firefox-driver-4.25.0.pom (3.4 kB at 48 kB/s)
#13 6.461 [INFO] Downloading from central: https://repo.maven.apache.org/maven2/org/seleniumhq/selenium/selenium-ie-driver/4.25.0/selenium-ie-driver-4.25.0.pom
#13 6.532 [INFO] Downloaded from central: https://repo.maven.apache.org/maven2/org/seleniumhq/selenium/selenium-ie-driver/4.25.0/selenium-ie-driver-4.25.0.pom (2.9 kB at 40 kB/s)
#13 6.538 [INFO] Downloading from central: https://repo.maven.apache.org/maven2/org/seleniumhq/selenium/selenium-safari-driver/4.25.0/selenium-safari-driver-4.25.0.pom
#13 6.617 [INFO] Downloaded from central: https://repo.maven.apache.org/maven2/org/seleniumhq/selenium/selenium-safari-driver/4.25.0/selenium-safari-driver-4.25.0.pom (2.7 kB at 34 kB/s)
#13 6.623 [INFO] Downloading from central: https://repo.maven.apache.org/maven2/org/seleniumhq/selenium/selenium-support/4.25.0/selenium-support-4.25.0.pom
#13 6.708 [INFO] Downloaded from central: https://repo.maven.apache.org/maven2/org/seleniumhq/selenium/selenium-support/4.25.0/selenium-support-4.25.0.pom (3.2 kB at 38 kB/s)
#13 6.774 [INFO] Downloading from central: https://repo.maven.apache.org/maven2/org/jboss/logging/jboss-logging/3.6.1.Final/jboss-logging-3.6.1.Final.jar
#13 6.873 [INFO] Downloaded from central: https://repo.maven.apache.org/maven2/org/jboss/logging/jboss-logging/3.6.1.Final/jboss-logging-3.6.1.Final.jar (62 kB at 619 kB/s)
#13 6.875 [INFO] Downloading from central: https://repo.maven.apache.org/maven2/com/fasterxml/classmate/1.7.0/classmate-1.7.0.jar
#13 6.876 [INFO] Downloading from central: https://repo.maven.apache.org/maven2/org/glassfish/jaxb/jaxb-runtime/4.0.5/jaxb-runtime-4.0.5.jar
#13 6.877 [INFO] Downloading from central: https://repo.maven.apache.org/maven2/org/glassfish/jaxb/jaxb-core/4.0.5/jaxb-core-4.0.5.jar
#13 6.878 [INFO] Downloading from central: https://repo.maven.apache.org/maven2/org/eclipse/angus/angus-activation/2.0.2/angus-activation-2.0.2.jar
#13 6.878 [INFO] Downloading from central: https://repo.maven.apache.org/maven2/org/glassfish/jaxb/txw2/4.0.5/txw2-4.0.5.jar
#13 7.000 [INFO] Downloaded from central: https://repo.maven.apache.org/maven2/com/fasterxml/classmate/1.7.0/classmate-1.7.0.jar (69 kB at 543 kB/s)
#13 7.000 [INFO] Downloading from central: https://repo.maven.apache.org/maven2/com/sun/istack/istack-commons-runtime/4.1.2/istack-commons-runtime-4.1.2.jar
#13 7.097 [INFO] Downloaded from central: https://repo.maven.apache.org/maven2/com/sun/istack/istack-commons-runtime/4.1.2/istack-commons-runtime-4.1.2.jar (26 kB at 118 kB/s)
#13 7.097 [INFO] Downloading from central: https://repo.maven.apache.org/maven2/net/bytebuddy/byte-buddy-agent/1.15.11/byte-buddy-agent-1.15.11.jar
#13 7.115 [INFO] Downloaded from central: https://repo.maven.apache.org/maven2/org/eclipse/angus/angus-activation/2.0.2/angus-activation-2.0.2.jar (27 kB at 113 kB/s)
#13 7.115 [INFO] Downloading from central: https://repo.maven.apache.org/maven2/org/seleniumhq/selenium/selenium-api/4.25.0/selenium-api-4.25.0.jar
#13 7.170 [INFO] Downloaded from central: https://repo.maven.apache.org/maven2/org/glassfish/jaxb/txw2/4.0.5/txw2-4.0.5.jar (73 kB at 250 kB/s)
#13 7.170 [INFO] Downloading from central: https://repo.maven.apache.org/maven2/org/seleniumhq/selenium/selenium-chrome-driver/4.25.0/selenium-chrome-driver-4.25.0.jar
#13 7.251 [INFO] Downloaded from central: https://repo.maven.apache.org/maven2/org/glassfish/jaxb/jaxb-core/4.0.5/jaxb-core-4.0.5.jar (139 kB at 370 kB/s)
#13 7.251 [INFO] Downloading from central: https://repo.maven.apache.org/maven2/org/seleniumhq/selenium/selenium-chromium-driver/4.25.0/selenium-chromium-driver-4.25.0.jar
#13 7.279 [INFO] Downloaded from central: https://repo.maven.apache.org/maven2/org/seleniumhq/selenium/selenium-chrome-driver/4.25.0/selenium-chrome-driver-4.25.0.jar (15 kB at 37 kB/s)
#13 7.279 [INFO] Downloading from central: https://repo.maven.apache.org/maven2/org/seleniumhq/selenium/selenium-json/4.25.0/selenium-json-4.25.0.jar
#13 7.339 [INFO] Downloaded from central: https://repo.maven.apache.org/maven2/org/seleniumhq/selenium/selenium-api/4.25.0/selenium-api-4.25.0.jar (233 kB at 506 kB/s)
#13 7.339 [INFO] Downloading from central: https://repo.maven.apache.org/maven2/org/seleniumhq/selenium/selenium-manager/4.25.0/selenium-manager-4.25.0.jar
#13 7.353 [INFO] Downloaded from central: https://repo.maven.apache.org/maven2/org/seleniumhq/selenium/selenium-chromium-driver/4.25.0/selenium-chromium-driver-4.25.0.jar (37 kB at 77 kB/s)
#13 7.353 [INFO] Downloading from central: https://repo.maven.apache.org/maven2/org/seleniumhq/selenium/selenium-devtools-v85/4.25.0/selenium-devtools-v85-4.25.0.jar
#13 7.364 [INFO] Downloaded from central: https://repo.maven.apache.org/maven2/org/seleniumhq/selenium/selenium-json/4.25.0/selenium-json-4.25.0.jar (71 kB at 147 kB/s)
#13 7.364 [INFO] Downloading from central: https://repo.maven.apache.org/maven2/org/seleniumhq/selenium/selenium-edge-driver/4.25.0/selenium-edge-driver-4.25.0.jar
#13 7.406 [INFO] Downloaded from central: https://repo.maven.apache.org/maven2/net/bytebuddy/byte-buddy-agent/1.15.11/byte-buddy-agent-1.15.11.jar (365 kB at 693 kB/s)
#13 7.406 [INFO] Downloading from central: https://repo.maven.apache.org/maven2/org/seleniumhq/selenium/selenium-firefox-driver/4.25.0/selenium-firefox-driver-4.25.0.jar
#13 7.430 [INFO] Downloaded from central: https://repo.maven.apache.org/maven2/org/seleniumhq/selenium/selenium-edge-driver/4.25.0/selenium-edge-driver-4.25.0.jar (15 kB at 28 kB/s)
#13 7.430 [INFO] Downloading from central: https://repo.maven.apache.org/maven2/org/seleniumhq/selenium/selenium-http/4.25.0/selenium-http-4.25.0.jar
#13 7.505 [INFO] Downloaded from central: https://repo.maven.apache.org/maven2/org/seleniumhq/selenium/selenium-firefox-driver/4.25.0/selenium-firefox-driver-4.25.0.jar (83 kB at 133 kB/s)
#13 7.505 [INFO] Downloading from central: https://repo.maven.apache.org/maven2/dev/failsafe/failsafe/3.3.2/failsafe-3.3.2.jar
#13 7.519 [INFO] Downloaded from central: https://repo.maven.apache.org/maven2/org/glassfish/jaxb/jaxb-runtime/4.0.5/jaxb-runtime-4.0.5.jar (920 kB at 1.4 MB/s)
#13 7.519 [INFO] Downloading from central: https://repo.maven.apache.org/maven2/org/seleniumhq/selenium/selenium-ie-driver/4.25.0/selenium-ie-driver-4.25.0.jar
#13 7.524 [INFO] Downloaded from central: https://repo.maven.apache.org/maven2/org/seleniumhq/selenium/selenium-http/4.25.0/selenium-http-4.25.0.jar (83 kB at 129 kB/s)
#13 7.524 [INFO] Downloading from central: https://repo.maven.apache.org/maven2/org/seleniumhq/selenium/selenium-remote-driver/4.25.0/selenium-remote-driver-4.25.0.jar
#13 7.588 [INFO] Downloaded from central: https://repo.maven.apache.org/maven2/org/seleniumhq/selenium/selenium-ie-driver/4.25.0/selenium-ie-driver-4.25.0.jar (17 kB at 24 kB/s)
#13 7.588 [INFO] Downloading from central: https://repo.maven.apache.org/maven2/com/google/guava/guava/33.3.0-jre/guava-33.3.0-jre.jar
#13 7.646 [INFO] Downloaded from central: https://repo.maven.apache.org/maven2/dev/failsafe/failsafe/3.3.2/failsafe-3.3.2.jar (144 kB at 188 kB/s)
#13 7.646 [INFO] Downloading from central: https://repo.maven.apache.org/maven2/com/google/errorprone/error_prone_annotations/2.28.0/error_prone_annotations-2.28.0.jar
#13 7.816 [INFO] Downloaded from central: https://repo.maven.apache.org/maven2/com/google/errorprone/error_prone_annotations/2.28.0/error_prone_annotations-2.28.0.jar (19 kB at 21 kB/s)
#13 7.816 [INFO] Downloading from central: https://repo.maven.apache.org/maven2/io/opentelemetry/semconv/opentelemetry-semconv/1.25.0-alpha/opentelemetry-semconv-1.25.0-alpha.jar
#13 7.937 [INFO] Downloaded from central: https://repo.maven.apache.org/maven2/io/opentelemetry/semconv/opentelemetry-semconv/1.25.0-alpha/opentelemetry-semconv-1.25.0-alpha.jar (75 kB at 71 kB/s)
#13 7.937 [INFO] Downloading from central: https://repo.maven.apache.org/maven2/io/opentelemetry/opentelemetry-api/1.43.0/opentelemetry-api-1.43.0.jar
#13 7.971 [INFO] Downloaded from central: https://repo.maven.apache.org/maven2/org/seleniumhq/selenium/selenium-remote-driver/4.25.0/selenium-remote-driver-4.25.0.jar (538 kB at 493 kB/s)
#13 7.971 [INFO] Downloading from central: https://repo.maven.apache.org/maven2/io/opentelemetry/opentelemetry-context/1.43.0/opentelemetry-context-1.43.0.jar
#13 8.142 [INFO] Downloaded from central: https://repo.maven.apache.org/maven2/org/seleniumhq/selenium/selenium-devtools-v85/4.25.0/selenium-devtools-v85-4.25.0.jar (1.0 MB at 799 kB/s)
#13 8.142 [INFO] Downloading from central: https://repo.maven.apache.org/maven2/io/opentelemetry/opentelemetry-exporter-logging/1.43.0/opentelemetry-exporter-logging-1.43.0.jar
#13 8.229 [INFO] Downloaded from central: https://repo.maven.apache.org/maven2/io/opentelemetry/opentelemetry-context/1.43.0/opentelemetry-context-1.43.0.jar (48 kB at 36 kB/s)
#13 8.229 [INFO] Downloading from central: https://repo.maven.apache.org/maven2/io/opentelemetry/opentelemetry-sdk-common/1.43.0/opentelemetry-sdk-common-1.43.0.jar
#13 8.234 [INFO] Downloaded from central: https://repo.maven.apache.org/maven2/io/opentelemetry/opentelemetry-api/1.43.0/opentelemetry-api-1.43.0.jar (158 kB at 117 kB/s)
#13 8.235 [INFO] Downloading from central: https://repo.maven.apache.org/maven2/io/opentelemetry/opentelemetry-sdk-extension-autoconfigure-spi/1.43.0/opentelemetry-sdk-extension-autoconfigure-spi-1.43.0.jar
#13 8.241 [INFO] Downloaded from central: https://repo.maven.apache.org/maven2/io/opentelemetry/opentelemetry-exporter-logging/1.43.0/opentelemetry-exporter-logging-1.43.0.jar (16 kB at 12 kB/s)
#13 8.241 [INFO] Downloading from central: https://repo.maven.apache.org/maven2/io/opentelemetry/opentelemetry-sdk-extension-autoconfigure/1.43.0/opentelemetry-sdk-extension-autoconfigure-1.43.0.jar
#13 8.319 [INFO] Downloaded from central: https://repo.maven.apache.org/maven2/io/opentelemetry/opentelemetry-sdk-extension-autoconfigure-spi/1.43.0/opentelemetry-sdk-extension-autoconfigure-spi-1.43.0.jar (21 kB at 14 kB/s)
#13 8.319 [INFO] Downloading from central: https://repo.maven.apache.org/maven2/io/opentelemetry/opentelemetry-api-incubator/1.43.0-alpha/opentelemetry-api-incubator-1.43.0-alpha.jar
#13 8.332 [INFO] Downloaded from central: https://repo.maven.apache.org/maven2/io/opentelemetry/opentelemetry-sdk-common/1.43.0/opentelemetry-sdk-common-1.43.0.jar (55 kB at 38 kB/s)
#13 8.332 [INFO] Downloading from central: https://repo.maven.apache.org/maven2/io/opentelemetry/opentelemetry-sdk-trace/1.43.0/opentelemetry-sdk-trace-1.43.0.jar
#13 8.348 [INFO] Downloaded from central: https://repo.maven.apache.org/maven2/io/opentelemetry/opentelemetry-sdk-extension-autoconfigure/1.43.0/opentelemetry-sdk-extension-autoconfigure-1.43.0.jar (48 kB at 32 kB/s)
#13 8.348 [INFO] Downloading from central: https://repo.maven.apache.org/maven2/io/opentelemetry/opentelemetry-sdk/1.43.0/opentelemetry-sdk-1.43.0.jar
#13 8.601 [INFO] Downloaded from central: https://repo.maven.apache.org/maven2/io/opentelemetry/opentelemetry-sdk/1.43.0/opentelemetry-sdk-1.43.0.jar (6.8 kB at 3.9 kB/s)
#13 8.601 [INFO] Downloading from central: https://repo.maven.apache.org/maven2/io/opentelemetry/opentelemetry-sdk-metrics/1.43.0/opentelemetry-sdk-metrics-1.43.0.jar
#13 8.609 [INFO] Downloaded from central: https://repo.maven.apache.org/maven2/io/opentelemetry/opentelemetry-api-incubator/1.43.0-alpha/opentelemetry-api-incubator-1.43.0-alpha.jar (64 kB at 37 kB/s)
#13 8.609 [INFO] Downloading from central: https://repo.maven.apache.org/maven2/io/opentelemetry/opentelemetry-sdk-logs/1.43.0/opentelemetry-sdk-logs-1.43.0.jar
#13 8.620 [INFO] Downloaded from central: https://repo.maven.apache.org/maven2/io/opentelemetry/opentelemetry-sdk-trace/1.43.0/opentelemetry-sdk-trace-1.43.0.jar (130 kB at 75 kB/s)
#13 8.620 [INFO] Downloading from central: https://repo.maven.apache.org/maven2/org/seleniumhq/selenium/selenium-os/4.25.0/selenium-os-4.25.0.jar
#13 8.842 [INFO] Downloaded from central: https://repo.maven.apache.org/maven2/org/seleniumhq/selenium/selenium-os/4.25.0/selenium-os-4.25.0.jar (29 kB at 15 kB/s)
#13 8.842 [INFO] Downloading from central: https://repo.maven.apache.org/maven2/org/seleniumhq/selenium/selenium-safari-driver/4.25.0/selenium-safari-driver-4.25.0.jar
#13 8.917 [INFO] Downloaded from central: https://repo.maven.apache.org/maven2/io/opentelemetry/opentelemetry-sdk-logs/1.43.0/opentelemetry-sdk-logs-1.43.0.jar (54 kB at 27 kB/s)
#13 8.917 [INFO] Downloading from central: https://repo.maven.apache.org/maven2/org/seleniumhq/selenium/selenium-support/4.25.0/selenium-support-4.25.0.jar
#13 9.090 [INFO] Downloaded from central: https://repo.maven.apache.org/maven2/org/seleniumhq/selenium/selenium-safari-driver/4.25.0/selenium-safari-driver-4.25.0.jar (27 kB at 12 kB/s)
#13 9.439 [INFO] Downloaded from central: https://repo.maven.apache.org/maven2/io/opentelemetry/opentelemetry-sdk-metrics/1.43.0/opentelemetry-sdk-metrics-1.43.0.jar (315 kB at 123 kB/s)
#13 9.464 [INFO] Downloaded from central: https://repo.maven.apache.org/maven2/org/seleniumhq/selenium/selenium-support/4.25.0/selenium-support-4.25.0.jar (174 kB at 68 kB/s)
#13 9.471 [INFO] Downloaded from central: https://repo.maven.apache.org/maven2/com/google/guava/guava/33.3.0-jre/guava-33.3.0-jre.jar (3.1 MB at 1.2 MB/s)
#13 11.10 [INFO] Downloaded from central: https://repo.maven.apache.org/maven2/org/seleniumhq/selenium/selenium-manager/4.25.0/selenium-manager-4.25.0.jar (8.6 MB at 2.0 MB/s)
#13 11.13 [INFO] 
#13 11.13 [INFO] --- resources:3.3.1:resources (default-resources) @ alumni-mentorship ---
#13 11.88 [INFO] Copying 1 resource from src/main/resources to target/classes
#13 11.91 [INFO] Copying 8 resources from src/main/resources to target/classes
#13 11.91 [INFO] 
#13 11.91 [INFO] --- compiler:3.13.0:compile (default-compile) @ alumni-mentorship ---
#13 12.01 [INFO] Recompiling the module because of changed source code.
#13 12.02 [INFO] Compiling 14 source files with javac [debug parameters release 17] to target/classes
#13 15.70 [INFO] 
#13 15.70 [INFO] --- resources:3.3.1:testResources (default-testResources) @ alumni-mentorship ---
#13 15.71 [INFO] skip non existing resourceDirectory /workspace/app/src/test/resources
#13 15.71 [INFO] 
#13 15.71 [INFO] --- compiler:3.13.0:testCompile (default-testCompile) @ alumni-mentorship ---
#13 15.73 [INFO] Recompiling the module because of changed dependency.
#13 15.74 [INFO] Compiling 3 source files with javac [debug parameters release 17] to target/test-classes
#13 16.80 [INFO] 
#13 16.80 [INFO] --- surefire:3.5.2:test (default-test) @ alumni-mentorship ---
#13 17.12 [INFO] Tests are skipped.
#13 17.12 [INFO] 
#13 17.12 [INFO] --- war:3.4.0:war (default-war) @ alumni-mentorship ---
#13 18.06 [INFO] Packaging webapp
#13 18.06 [INFO] Assembling webapp [alumni-mentorship] in [/workspace/app/target/alumni-mentorship]
#13 18.07 [INFO] Processing war project
#13 18.44 [INFO] Building war: /workspace/app/target/alumni-mentorship.war
#13 19.63 [INFO] 
#13 19.63 [INFO] --- spring-boot:3.4.3:repackage (repackage) @ alumni-mentorship ---
#13 20.59 [INFO] Replacing main artifact /workspace/app/target/alumni-mentorship.war with repackaged archive, adding nested dependencies in BOOT-INF/.
#13 20.59 [INFO] The original artifact has been renamed to /workspace/app/target/alumni-mentorship.war.original
#13 20.60 [INFO] ------------------------------------------------------------------------
#13 20.60 [INFO] BUILD SUCCESS
#13 20.60 [INFO] ------------------------------------------------------------------------
#13 20.60 [INFO] Total time:  18.946 s
#13 20.60 [INFO] Finished at: 2026-09-30T09:07:46Z
#13 20.60 [INFO] ------------------------------------------------------------------------
#13 DONE 30.7s

#14 [build 6/6] RUN mvn -B -DskipTests package
#14 CACHED

#15 [build 3/6] COPY app/pom.xml ./pom.xml
#15 CACHED

#16 [build 4/6] RUN mvn -B -q dependency:go-offline
#16 CACHED

#17 [build 5/6] COPY app/src ./src
#17 CACHED

#18 [stage-1 3/3] COPY --from=build /workspace/app/target/alumni-mentorship.war /usr/local/tomcat/webapps/alumni-mentorship.war
#18 CANCELED

#19 [stage-1 3/3] COPY --from=build /workspace/app/target/alumni-mentorship.war /usr/local/tomcat/webapps/alumni-mentorship.war
#19 DONE 5.6s

#20 exporting to image
#20 exporting layers
#20 exporting layers 4.2s done
#20 exporting manifest sha256:763254a5b8f2e4b5896b71be64d83cdb49bc17a5f1826383194322d5788e4ebc 0.1s done
#20 exporting config sha256:0b6b3b2cd4a4c180e5b2358c0e3aa1f084a2bae49e4a2d165058964647e6fec7 0.0s done
#20 exporting attestation manifest sha256:b9e138cb9ecb24901bd1d0ddd0872f8e07b689e41f12306a17aa3cddf1857e66
#20 exporting attestation manifest sha256:b9e138cb9ecb24901bd1d0ddd0872f8e07b689e41f12306a17aa3cddf1857e66 0.1s done
#20 exporting manifest list sha256:b332725c0f32f801db3a6715a90d327ba1406c2954557497f5673b59403ce006
#20 exporting manifest list sha256:b332725c0f32f801db3a6715a90d327ba1406c2954557497f5673b59403ce006 0.1s done
#20 naming to docker.io/library/alumni-mentorship:v1.0.0 0.0s done
#20 unpacking to docker.io/library/alumni-mentorship:v1.0.0
#20 unpacking to docker.io/library/alumni-mentorship:v1.0.0 0.5s done
#20 DONE 5.4s

View build details: docker-desktop://dashboard/build/desktop-linux/desktop-linux/qbvtr2e63oa9fjfsxx9u2ubq0
