Started by user Adrian Dsouza
Obtained task-10/Jenkinsfile from git https://github.com/adrian-25/Automated-Alumni-Mentorship-Platform-Deployment.git
[Pipeline] Start of Pipeline
[Pipeline] node
Running on Jenkins in /var/jenkins_home/workspace/alumni-mentorship-testing
[Pipeline] {
[Pipeline] stage
[Pipeline] { (Declarative: Checkout SCM)
[Pipeline] checkout
Selected Git installation does not exist. Using Default
The recommended git tool is: NONE
No credentials specified
 > git rev-parse --resolve-git-dir /var/jenkins_home/workspace/alumni-mentorship-testing/.git # timeout=10
Fetching changes from the remote Git repository
 > git config remote.origin.url https://github.com/adrian-25/Automated-Alumni-Mentorship-Platform-Deployment.git # timeout=10
Fetching upstream changes from https://github.com/adrian-25/Automated-Alumni-Mentorship-Platform-Deployment.git
 > git --version # timeout=10
 > git --version # 'git version 2.47.3'
 > git fetch --tags --force --progress -- https://github.com/adrian-25/Automated-Alumni-Mentorship-Platform-Deployment.git +refs/heads/*:refs/remotes/origin/* # timeout=10
 > git rev-parse refs/remotes/origin/evidence/task10-fix^{commit} # timeout=10
Checking out Revision 8a3ed64ef45ccb77bd0bebec51bc989c5f47a028 (refs/remotes/origin/evidence/task10-fix)
 > git config core.sparsecheckout # timeout=10
 > git checkout -f 8a3ed64ef45ccb77bd0bebec51bc989c5f47a028 # timeout=10
Commit message: "fix(task-10): restore admin completion authorization"
First time build. Skipping changelog.
[Pipeline] }
[Pipeline] // stage
[Pipeline] withEnv
[Pipeline] {
[Pipeline] stage
[Pipeline] { (Checkout)
[Pipeline] checkout
Selected Git installation does not exist. Using Default
The recommended git tool is: NONE
No credentials specified
 > git rev-parse --resolve-git-dir /var/jenkins_home/workspace/alumni-mentorship-testing/.git # timeout=10
Fetching changes from the remote Git repository
 > git config remote.origin.url https://github.com/adrian-25/Automated-Alumni-Mentorship-Platform-Deployment.git # timeout=10
Fetching upstream changes from https://github.com/adrian-25/Automated-Alumni-Mentorship-Platform-Deployment.git
 > git --version # timeout=10
 > git --version # 'git version 2.47.3'
 > git fetch --tags --force --progress -- https://github.com/adrian-25/Automated-Alumni-Mentorship-Platform-Deployment.git +refs/heads/*:refs/remotes/origin/* # timeout=10
 > git rev-parse refs/remotes/origin/evidence/task10-fix^{commit} # timeout=10
Checking out Revision 8a3ed64ef45ccb77bd0bebec51bc989c5f47a028 (refs/remotes/origin/evidence/task10-fix)
 > git config core.sparsecheckout # timeout=10
 > git checkout -f 8a3ed64ef45ccb77bd0bebec51bc989c5f47a028 # timeout=10
Commit message: "fix(task-10): restore admin completion authorization"
[Pipeline] }
[Pipeline] // stage
[Pipeline] stage
[Pipeline] { (Unit test quality gate)
[Pipeline] dir
Running in /var/jenkins_home/workspace/alumni-mentorship-testing/app
[Pipeline] {
[Pipeline] sh
+ mvn -B clean test
[INFO] Scanning for projects...
[INFO] 
[INFO] --------------< com.adrian.mentorship:alumni-mentorship >---------------
[INFO] Building Automated Alumni Mentorship Platform 1.0.0-SNAPSHOT
[INFO]   from pom.xml
[INFO] --------------------------------[ war ]---------------------------------
[INFO] 
[INFO] --- clean:3.4.1:clean (default-clean) @ alumni-mentorship ---
[INFO] Deleting /var/jenkins_home/workspace/alumni-mentorship-testing/app/target
[INFO] 
[INFO] --- resources:3.3.1:resources (default-resources) @ alumni-mentorship ---
[INFO] Copying 1 resource from src/main/resources to target/classes
[INFO] Copying 8 resources from src/main/resources to target/classes
[INFO] 
[INFO] --- compiler:3.13.0:compile (default-compile) @ alumni-mentorship ---
[INFO] Recompiling the module because of changed source code.
[INFO] Compiling 14 source files with javac [debug parameters release 17] to target/classes
[INFO] 
[INFO] --- resources:3.3.1:testResources (default-testResources) @ alumni-mentorship ---
[INFO] skip non existing resourceDirectory /var/jenkins_home/workspace/alumni-mentorship-testing/app/src/test/resources
[INFO] 
[INFO] --- compiler:3.13.0:testCompile (default-testCompile) @ alumni-mentorship ---
[INFO] Recompiling the module because of changed dependency.
[INFO] Compiling 3 source files with javac [debug parameters release 17] to target/test-classes
[INFO] 
[INFO] --- surefire:3.5.2:test (default-test) @ alumni-mentorship ---
[INFO] Using auto detected provider org.apache.maven.surefire.junitplatform.JUnitPlatformProvider
[INFO] 
[INFO] -------------------------------------------------------
[INFO]  T E S T S
[INFO] -------------------------------------------------------
[INFO] Running com.adrian.mentorship.request.MentorshipRequestServiceTest
Mockito is currently self-attaching to enable the inline-mock-maker. This will no longer work in future releases of the JDK. Please add Mockito as an agent to your build what is described in Mockito's documentation: https://javadoc.io/doc/org.mockito/mockito-core/latest/org/mockito/Mockito.html#0.3
WARNING: A Java agent has been loaded dynamically (/var/jenkins_home/.m2/repository/net/bytebuddy/byte-buddy-agent/1.15.11/byte-buddy-agent-1.15.11.jar)
WARNING: If a serviceability tool is in use, please run with -XX:+EnableDynamicAgentLoading to hide this warning
WARNING: If a serviceability tool is not in use, please run with -Djdk.instrument.traceUsage for more information
WARNING: Dynamic loading of agents will be disallowed by default in a future release
[INFO] Tests run: 3, Failures: 0, Errors: 0, Skipped: 0, Time elapsed: 1.661 s -- in com.adrian.mentorship.request.MentorshipRequestServiceTest
[INFO] Running com.adrian.mentorship.e2e.MentorshipJourneyE2ETest
[WARNING] Tests run: 4, Failures: 0, Errors: 0, Skipped: 4, Time elapsed: 0.002 s -- in com.adrian.mentorship.e2e.MentorshipJourneyE2ETest
[INFO] 
[INFO] Results:
[INFO] 
[WARNING] Tests run: 7, Failures: 0, Errors: 0, Skipped: 4
[INFO] 
[INFO] ------------------------------------------------------------------------
[INFO] BUILD SUCCESS
[INFO] ------------------------------------------------------------------------
[INFO] Total time:  5.033 s
[INFO] Finished at: 2026-10-06T10:01:23Z
[INFO] ------------------------------------------------------------------------
[Pipeline] }
[Pipeline] // dir
[Pipeline] }
[Pipeline] // stage
[Pipeline] stage
[Pipeline] { (Browser test quality gate)
Stage "Browser test quality gate" skipped due to when conditional
[Pipeline] getContext
[Pipeline] }
[Pipeline] // stage
[Pipeline] stage
[Pipeline] { (Package)
[Pipeline] dir
Running in /var/jenkins_home/workspace/alumni-mentorship-testing/app
[Pipeline] {
[Pipeline] sh
+ mvn -B package -DskipTests
[INFO] Scanning for projects...
[INFO] 
[INFO] --------------< com.adrian.mentorship:alumni-mentorship >---------------
[INFO] Building Automated Alumni Mentorship Platform 1.0.0-SNAPSHOT
[INFO]   from pom.xml
[INFO] --------------------------------[ war ]---------------------------------
[INFO] 
[INFO] --- resources:3.3.1:resources (default-resources) @ alumni-mentorship ---
[INFO] Copying 1 resource from src/main/resources to target/classes
[INFO] Copying 8 resources from src/main/resources to target/classes
[INFO] 
[INFO] --- compiler:3.13.0:compile (default-compile) @ alumni-mentorship ---
[INFO] Nothing to compile - all classes are up to date.
[INFO] 
[INFO] --- resources:3.3.1:testResources (default-testResources) @ alumni-mentorship ---
[INFO] skip non existing resourceDirectory /var/jenkins_home/workspace/alumni-mentorship-testing/app/src/test/resources
[INFO] 
[INFO] --- compiler:3.13.0:testCompile (default-testCompile) @ alumni-mentorship ---
[INFO] Nothing to compile - all classes are up to date.
[INFO] 
[INFO] --- surefire:3.5.2:test (default-test) @ alumni-mentorship ---
[INFO] Tests are skipped.
[INFO] 
[INFO] --- war:3.4.0:war (default-war) @ alumni-mentorship ---
[INFO] Packaging webapp
[INFO] Assembling webapp [alumni-mentorship] in [/var/jenkins_home/workspace/alumni-mentorship-testing/app/target/alumni-mentorship]
[INFO] Processing war project
[INFO] Building war: /var/jenkins_home/workspace/alumni-mentorship-testing/app/target/alumni-mentorship.war
[INFO] 
[INFO] --- spring-boot:3.4.3:repackage (repackage) @ alumni-mentorship ---
[INFO] Replacing main artifact /var/jenkins_home/workspace/alumni-mentorship-testing/app/target/alumni-mentorship.war with repackaged archive, adding nested dependencies in BOOT-INF/.
[INFO] The original artifact has been renamed to /var/jenkins_home/workspace/alumni-mentorship-testing/app/target/alumni-mentorship.war.original
[INFO] ------------------------------------------------------------------------
[INFO] BUILD SUCCESS
[INFO] ------------------------------------------------------------------------
[INFO] Total time:  3.367 s
[INFO] Finished at: 2026-10-06T10:01:29Z
[INFO] ------------------------------------------------------------------------
[Pipeline] }
[Pipeline] // dir
[Pipeline] }
[Pipeline] // stage
[Pipeline] stage
[Pipeline] { (Deploy)
[Pipeline] echo
Deployment belongs after all quality gates pass.
[Pipeline] }
[Pipeline] // stage
[Pipeline] stage
[Pipeline] { (Declarative: Post Actions)
[Pipeline] junit
Recording test results
[Checks API] No suitable checks publisher found.
[Pipeline] archiveArtifacts
Archiving artifacts
‘app/target/selenium-screenshots/*.png’ doesn’t match anything: ‘app’ exists but not ‘app/target/selenium-screenshots/*.png’
No artifacts found that match the file pattern "app/target/selenium-screenshots/*.png". Configuration error?
[Pipeline] }
[Pipeline] // stage
[Pipeline] }
[Pipeline] // withEnv
[Pipeline] }
[Pipeline] // node
[Pipeline] End of Pipeline
Finished: SUCCESS
